// Jest Snapshot v1, https://goo.gl/fbAQLP

exports[`ForgotPassword view should render correctly 1`] = `
<DocumentFragment>
  <div
    class="ui container"
  >
    <div
      class="justify-space-between bordered p-1r mb-1r"
    >
      <h1
        class="ui header"
        style="margin-top: 0px; margin-bottom: 0px;"
      >
        Spaced Reps
      </h1>
    </div>
    <form
      class="ui form flex-column bordered p-1r"
      data-testid="forgot-password-form"
    >
      <div
        class="field"
      >
        <label
          for="email"
        >
          Email
        </label>
        <div
          class="ui input"
          style="opacity: 1;"
        >
          <input
            data-testid="forgot-password-form-email-input"
            style="border-radius: unset;"
            type="email"
            value=""
          />
        </div>
      </div>
      <button
        class="ui button align-self-end"
        data-testid="forgot-password-form-btn"
        style="border-radius: 0;"
        type="submit"
      >
        Send
      </button>
    </form>
  </div>
</DocumentFragment>
`;
