// Jest Snapshot v1, https://goo.gl/fbAQLP

exports[`ForgotPassword view should render correctly 1`] = `
<DocumentFragment>
  <form
    class="ui form"
    data-testid="forgot-password-form"
  >
    <div
      class="ui input"
      style="opacity: 1;"
    >
      <input
        data-testid="forgot-password-form-email-input"
        style="border-radius: unset;"
        type="email"
        value=""
      />
    </div>
    <button
      class="ui button"
      data-testid="forgot-password-btn"
      style="border-radius: 0;"
      type="submit"
    >
      Send
    </button>
  </form>
</DocumentFragment>
`;
