// Jest Snapshot v1, https://goo.gl/fbAQLP

exports[`Login view should render correctly 1`] = `
<DocumentFragment>
  <div
    class="ui container"
  >
    <div
      class="justify-space-between bordered p-1r mb-1r"
    >
      <h1
        class="ui header"
        style="margin-top: 0px; margin-bottom: 0px;"
      >
        Spaced Reps
      </h1>
      <div>
        <button
          class="ui blue medium button"
          data-testid="login-form-signup-button"
          style="border-radius: 0;"
        >
          Signup
        </button>
      </div>
    </div>
    <div
      class="bordered p-1r"
      data-testid="login-form"
    >
      <form
        class="ui form flex-column"
      >
        <div
          class="field"
        >
          <label>
            Email
          </label>
          <div
            class="ui input"
            style="opacity: 1;"
          >
            <input
              data-testid="login-form-email-input"
              placeholder="Email"
              style="border-radius: unset;"
              title="email"
              type="text"
              value=""
            />
          </div>
        </div>
        <div
          class="field"
        >
          <label>
            Password
          </label>
          <div
            class="ui input"
            style="opacity: 1;"
          >
            <input
              data-testid="login-form-password-input"
              placeholder="Password"
              style="border-radius: unset;"
              title="password"
              type="password"
              value=""
            />
          </div>
        </div>
        <button
          class="ui button align-self-end"
          style="border-radius: 0;"
          type="submit"
        >
          Login
        </button>
      </form>
    </div>
  </div>
</DocumentFragment>
`;
