// Jest Snapshot v1, https://goo.gl/fbAQLP

exports[`ResetPassword view should render correctly 1`] = `
<DocumentFragment>
  <div
    class="ui container"
  >
    <div
      class="justify-space-between bordered p-1r mb-1r"
    >
      <h1
        class="ui header"
        style="margin-top: 0px; margin-bottom: 0px;"
      >
        Spaced Reps
      </h1>
    </div>
    <form
      class="ui form flex-column bordered p-1r"
      data-testid="reset-password-form"
    >
      <div
        class="field"
      >
        <label
          for="rest-password-password-input"
        >
          Password
        </label>
        <div
          class="ui input"
          style="opacity: 1;"
        >
          <input
            data-testid="reset-password-form-password-input"
            id="rest-password-password-input"
            placeholder="Password"
            style="border-radius: unset;"
            title="password"
            type="password"
            value=""
          />
        </div>
      </div>
      <div
        class="field"
      >
        <label
          for="reset-password-confirm-password-input"
        >
          Confirm password
        </label>
        <div
          class="ui input"
          style="opacity: 1;"
        >
          <input
            data-testid="reset-password-form-confirmed-password-input"
            id="reset-password-confirm-password-input"
            placeholder="Confirm password"
            style="border-radius: unset;"
            title="confirm password"
            type="password"
            value=""
          />
        </div>
      </div>
      <button
        class="ui button align-self-end"
        data-testid="reset-password-form-btn"
        style="border-radius: 0;"
        type="submit"
      >
        Submit
      </button>
    </form>
  </div>
</DocumentFragment>
`;
