// Jest Snapshot v1, https://goo.gl/fbAQLP

exports[`CardCreateModal view should render correctly 1`] = `
<DocumentFragment>
  <button
    class="ui green icon button"
    data-testid="card-create-modal-btn"
    style="border-radius: 0;"
  >
    <i
      aria-hidden="true"
      class="plus icon"
    />
  </button>
</DocumentFragment>
`;
