// Jest Snapshot v1, https://goo.gl/fbAQLP

exports[`CardCreateModal view should render correctly 1`] = `
<DocumentFragment>
  <div
    class="ui inverted top aligned page modals dimmer transition visible active"
    style="display: flex;"
  >
    <div
      class="ui modal transition visible active"
      data-testid="card-create-modal"
      style="box-shadow: none; border: 1px solid; border-radius: 0;"
    >
      <div
        class="header"
      >
        Create Card
      </div>
      <div
        class="flex-column align-center justify-center content"
      >
        <form
          class="ui form w-full bordered"
        >
          <div
            class="flex-row-reverse"
          >
            <i
              aria-hidden="true"
              class="arrow up icon"
              data-testid="view-answers-btn"
            />
          </div>
          <div
            class="ui horizontal list flex"
            role="list"
            style="display: flex;"
          >
            <div
              class="item flex-1"
              role="listitem"
              style="padding: 0px;"
            >
              <div
                class="field w-full"
              >
                <div
                  class="ui input"
                  style="opacity: 1;"
                >
                  <input
                    data-testid="question-content"
                    placeholder="Enter question here"
                    style="border-radius: unset;"
                    type="text"
                    value=""
                  />
                </div>
              </div>
            </div>
            <div
              class="item flex-1"
              role="listitem"
              style="padding: 0px;"
            >
              <div
                class="ui list"
                role="list"
                style="padding: 0px;"
              >
                <div
                  class="item flex"
                  role="listitem"
                  style="display: flex; padding: 0px;"
                >
                  <div
                    class="field w-full"
                  >
                    <div
                      class="ui input"
                      style="opacity: 1;"
                    >
                      <input
                        data-testid="answer-content-0"
                        placeholder="Enter answer here"
                        style="border-radius: unset;"
                        type="text"
                        value=""
                      />
                    </div>
                  </div>
                  <button
                    class="ui small icon disabled button"
                    disabled=""
                    style="padding-left: 0px; padding-right: 0px; background: none;"
                    tabindex="-1"
                  >
                    <i
                      aria-hidden="true"
                      class="x icon"
                    />
                  </button>
                </div>
                <div
                  class="item"
                  role="listitem"
                  style="text-align: right; padding: 0px;"
                >
                  <button
                    class="ui small icon button"
                    style="padding-left: 0px; padding-right: 0px; background: none;"
                  >
                    <i
                      aria-hidden="true"
                      class="plus icon"
                    />
                  </button>
                </div>
              </div>
            </div>
          </div>
        </form>
      </div>
      <div
        class="actions"
      >
        <button
          class="ui button"
          style="border-radius: 0;"
        >
          Cancel
        </button>
        <button
          class="ui green button"
          data-testid="card-create-save-btn"
          style="border-radius: 0;"
        >
          Save
        </button>
      </div>
    </div>
  </div>
</DocumentFragment>
`;
