// Jest Snapshot v1, https://goo.gl/fbAQLP

exports[`DecksListPage view should render correctly 1`] = `
<DocumentFragment>
  <div
    class="flex-column h-full"
    data-testid="decks-list-success"
    style="overflow-y: auto;"
  >
    <div
      class="justify-space-between bordered p-1r"
    >
      <h1
        class="ui header"
        style="margin-top: 0px; margin-bottom: 0px;"
      >
        Decks
      </h1>
      <a
        href="/decks/new"
      >
        <button
          class="ui blue medium icon button"
          style="border-radius: 0;"
        >
          Create New Deck
        </button>
      </a>
    </div>
    <div
      class="ui padded grid"
      style="flex-grow: 1;"
    >
      <div
        class="stretched row"
      >
        <div
          class="four wide column"
          style="padding-left: 0px;"
        >
          <div
            class="bordered"
          >
            <div
              class="ui divided relaxed list"
              role="list"
            >
              <div
                class=""
              >
                <div
                  class="item"
                  role="listitem"
                  style="padding: 0px;"
                >
                  <div
                    class="ui card pointer"
                    style="width: 100%; box-shadow: none; border: 1px solid; border-radius: unset; margin-top: 0px;"
                  >
                    <div
                      class="content"
                    >
                      <div
                        class="ui big header"
                        style="margin-top: 0px; margin-bottom: 0px;"
                      >
                        Test Deck
                      </div>
                      <div
                        class="description"
                      />
                    </div>
                  </div>
                </div>
              </div>
            </div>
          </div>
        </div>
        <div
          class="twelve wide column"
          style="padding-right: 0px;"
        >
          <div
            class="bordered"
          />
        </div>
      </div>
    </div>
  </div>
</DocumentFragment>
`;
