// Jest Snapshot v1, https://goo.gl/fbAQLP

exports[`DeckDetails view should render correctly 1`] = `
<DocumentFragment>
  <div
    data-testid="deck-details-success"
  >
    <div
      actions="[object Object]"
      class="justify-space-between bordered"
      style="padding: 1rem 1rem 1rem 2rem; line-height: 2rem;"
      title="Test name"
    >
      <div
        class="align-center"
      >
        <div
          class="ui header"
          style="font-size: 1.5rem; margin-top: 0px; margin-bottom: 0px;"
        >
          Test name
        </div>
      </div>
      <div>
        <button
          class="ui button"
          data-testid="deck-edit-btn"
          style="border-radius: 0;"
        >
          Edit
        </button>
        <div
          aria-expanded="false"
          class="ui dropdown"
          data-testid="deck-details-dropdown"
          role="listbox"
          tabindex="0"
        >
          <i
            aria-hidden="true"
            class="ellipsis vertical icon"
          />
          <div
            class="menu transition"
            data-testid="deck-details-dropdown-menu"
          >
            <div
              class="item"
              role="option"
            >
              <span
                class="text"
              >
                Test
              </span>
            </div>
            <div
              class="item"
              role="option"
            >
              <span
                class="text"
              >
                Delete
              </span>
            </div>
          </div>
        </div>
      </div>
    </div>
    <main
      class="px-2r"
    >
      <div
        class="flex-column"
        style="margin-top: 1.5rem;"
        title="Cards"
      >
        <div
          class="ui small header"
          style="margin-bottom: 0px; margin-top: 0px;"
        >
          Cards
        </div>
        <div>
          <div
            class="ui celled horizontal list"
            role="list"
          >
            <div
              class="item"
              role="listitem"
              style="padding: 0px;"
            >
              <div
                class="ui card pointer"
                data-testid="deck-details-card-0"
                style="box-shadow: none; border: 1px solid; border-radius: unset;"
              >
                <div
                  class="content"
                >
                  Test question
                </div>
              </div>
            </div>
            <div
              class="item"
              role="listitem"
              style="padding: 0px;"
            >
              <div
                class="ui card pointer"
                style="box-shadow: none; border: 1px solid; border-radius: unset;"
              >
                <div
                  class="content"
                >
                  Add card
                </div>
              </div>
            </div>
          </div>
        </div>
      </div>
    </main>
  </div>
</DocumentFragment>
`;
