// Jest Snapshot v1, https://goo.gl/fbAQLP

exports[`DecksUploadModal view should render correctly 1`] = `
<DocumentFragment>
  <button
    class="ui icon button upload-btn"
    data-testid="decks-upload-modal-btn"
    style="border-radius: 0;"
  >
    <i
      aria-hidden="true"
      class="upload icon"
    />
  </button>
  <div
    style="display: flex; position: absolute; left: 0px; top: 0px; bottom: 0px; transform: translate(0px, 0px);"
  >
    <div
      class="ui top left mini basic popup transition visible"
      style="position: initial; box-shadow: unset; border-radius: 0;"
    >
      <div
        class="content"
      >
        Upload decks
      </div>
    </div>
  </div>
  <div
    class="ui inverted top aligned page modals dimmer transition visible active"
    style="display: flex;"
  >
    <div
      class="ui tiny modal transition visible active"
      data-testid="decks-upload-modal"
      style="box-shadow: none; border: 1px solid; border-radius: 0;"
    >
      <div
        class="header"
      >
        Upload Decks
      </div>
      <div
        class="flex-column align-center justify-center content"
      >
        <div
          class="pb-10 content"
        >
          <p>
            Select file the file containing the decks
          </p>
        </div>
        <div
          class="pb-10"
        />
        <button
          class="ui icon left labeled button"
          data-testid="file-selector"
          style="border-radius: 0;"
        >
          <i
            aria-hidden="true"
            class="file icon"
          />
          Select File
        </button>
        <input
          data-testid="decks-upload-file-input"
          hidden=""
          type="file"
        />
      </div>
      <div
        class="actions"
      >
        <button
          class="ui button"
          style="border-radius: 0;"
        >
          Cancel
        </button>
        <button
          class="ui green disabled button"
          data-testid="decks-upload-confirm-btn"
          disabled=""
          style="border-radius: 0;"
          tabindex="-1"
        >
          Confirm
        </button>
      </div>
    </div>
  </div>
</DocumentFragment>
`;
