// Jest Snapshot v1, https://goo.gl/fbAQLP

exports[`DeckPage view should render correctly 1`] = `
<DocumentFragment>
  <div
    class="bordered"
    data-testid="deck-success"
  >
    <div
      class="justify-space-between bordered"
      style="padding: 1rem 1rem 1rem 2rem; line-height: 2rem;"
      title="Edit Deck"
    >
      <div
        class="align-center"
      >
        <div>
          <button
            class="ui huge icon button"
            style="padding-left: 0px; padding-right: 0px; background: none;"
          >
            <i
              aria-hidden="true"
              class="chevron left icon"
            />
          </button>
        </div>
        <div
          class="ui header"
          style="font-size: 1.5rem; margin-top: 0px; margin-bottom: 0px;"
        >
          Edit Deck
        </div>
      </div>
    </div>
    <main
      class="px-2r"
    >
      <div>
        <div>
          <div
            class="ui huge input w-full"
            data-testid="deck-name"
            style="opacity: 1;"
          >
            <input
              placeholder="Enter name here"
              style="border-radius: unset; font-weight: 400; padding-left: 0px;"
              type="text"
              value="Test Name"
            />
          </div>
        </div>
        <div
          class="flex-column"
          data-testid="deck-description"
          style="margin-top: 1.5rem;"
          title="Description"
        >
          <div
            class="ui small header"
            style="margin-bottom: 0px; margin-top: 0px;"
          >
            Description
          </div>
          <div>
            <textarea
              class="w-full"
              data-testid="deck-description"
              name="deck-textarea"
              rows="5"
            />
          </div>
        </div>
        <div
          class="flex-column"
          style="margin-top: 1.5rem;"
          title="Cards"
        >
          <div
            class="ui small header"
            style="margin-bottom: 0px; margin-top: 0px;"
          >
            Cards
          </div>
          <div>
            <form
              class="ui form w-full bordered"
            >
              <div
                class="flex-row-reverse"
              >
                <i
                  aria-hidden="true"
                  class="arrow down icon"
                  data-testid="view-answers-btn"
                />
              </div>
              <div
                class="ui horizontal list flex"
                role="list"
                style="display: flex;"
              >
                <div
                  class="item flex-1"
                  role="listitem"
                  style="padding: 0px;"
                >
                  <div
                    class="ui input w-full"
                    style="opacity: 1;"
                  >
                    <input
                      name="question-content"
                      placeholder="Enter question here"
                      style="border-radius: unset;"
                      type="text"
                      value="Test Question"
                    />
                  </div>
                </div>
                <div
                  class="item flex-1"
                  role="listitem"
                  style="padding: 0px;"
                />
              </div>
            </form>
            <div
              class="ui basic segment flex-row-reverse"
              style="padding: 0px;"
            >
              <button
                class="ui green icon button"
                style="padding-left: 0px; padding-right: 0px; background: none;"
              >
                <i
                  aria-hidden="true"
                  class="green plus icon"
                />
              </button>
            </div>
          </div>
        </div>
      </div>
    </main>
    <footer
      class="flex-row-reverse px-2r pb-2r"
    >
      <button
        class="ui green small button"
        data-testid="deck-save"
        style="border-radius: 0;"
      >
        Save
      </button>
    </footer>
  </div>
</DocumentFragment>
`;
