// Jest Snapshot v1, https://goo.gl/fbAQLP

exports[`DeckEdit view should render correctly 1`] = `
<DocumentFragment>
  <div
    data-testid="deck-success"
  >
    <div
      class="justify-space-between"
      style="padding: 1rem 1rem 1rem 2rem; line-height: 2rem; border-bottom: 1px solid;"
      title="Edit Deck"
    >
      <div
        class="align-center"
      >
        <div>
          <button
            class="ui huge icon button"
            style="padding-left: 0px; padding-right: 0px; background: none;"
          >
            <i
              aria-hidden="true"
              class="chevron left icon"
            />
          </button>
        </div>
        <div
          class="ui header"
          style="font-size: 1.5rem; margin-top: 0px; margin-bottom: 0px;"
        >
          Edit Deck
        </div>
      </div>
    </div>
    <main
      class="px-2r"
    >
      <div>
        <div>
          <div
            class="ui huge input w-full"
            style="opacity: 1;"
          >
            <input
              data-testid="deck-name"
              placeholder="Enter name here"
              style="border-radius: unset; font-weight: 400; padding-left: 0px;"
              type="text"
              value="Test Name"
            />
          </div>
        </div>
        <div
          class="flex-column"
          style="margin-top: 1.5rem;"
          title="Description"
        >
          <div
            class="ui small header"
            style="margin-bottom: 0px; margin-top: 0px;"
          >
            Description
          </div>
          <div>
            <textarea
              class="w-full"
              data-testid="deck-description"
              name="deck-textarea"
              rows="5"
            />
          </div>
        </div>
        <div
          class="flex-column"
          style="margin-top: 1.5rem;"
          title="Cards"
        >
          <div
            class="ui small header"
            style="margin-bottom: 0px; margin-top: 0px;"
          >
            Cards
          </div>
          <div>
            <form
              class="ui form w-full bordered"
            >
              <div
                class="flex-row-reverse"
              >
                <i
                  aria-hidden="true"
                  class="arrow up icon"
                  data-testid="view-answers-btn"
                />
              </div>
              <div
                class="ui horizontal list flex"
                role="list"
                style="display: flex;"
              >
                <div
                  class="item flex-1"
                  role="listitem"
                  style="padding: 0px;"
                >
                  <div
                    class="error field w-full"
                  >
                    <div
                      class="ui input"
                      style="opacity: 1;"
                    >
                      <input
                        aria-invalid="true"
                        data-testid="question-content"
                        placeholder="Enter question here"
                        style="border-radius: unset;"
                        type="text"
                        value="Test Question"
                      />
                    </div>
                  </div>
                </div>
                <div
                  class="item flex-1"
                  role="listitem"
                  style="padding: 0px;"
                >
                  <div
                    class="ui list"
                    role="list"
                    style="padding: 0px;"
                  >
                    <div
                      class="item flex"
                      role="listitem"
                      style="display: flex; padding: 0px;"
                    >
                      <div
                        class="error field w-full"
                      >
                        <div
                          class="ui input"
                          style="opacity: 1;"
                        >
                          <input
                            aria-invalid="true"
                            data-testid="answer-content-0"
                            placeholder="Enter answer here"
                            style="border-radius: unset;"
                            type="text"
                            value="Test Content"
                          />
                        </div>
                      </div>
                      <button
                        class="ui small icon disabled button"
                        disabled=""
                        style="padding-left: 0px; padding-right: 0px; background: none;"
                        tabindex="-1"
                      >
                        <i
                          aria-hidden="true"
                          class="x icon"
                        />
                      </button>
                    </div>
                    <div
                      class="item"
                      role="listitem"
                      style="text-align: right; padding: 0px;"
                    >
                      <button
                        class="ui small icon button"
                        style="padding-left: 0px; padding-right: 0px; background: none;"
                      >
                        <i
                          aria-hidden="true"
                          class="plus icon"
                        />
                      </button>
                    </div>
                  </div>
                </div>
              </div>
            </form>
            <div
              class="ui basic segment flex-row-reverse"
              style="padding: 0px;"
            >
              <button
                class="ui green icon button"
                style="padding-left: 0px; padding-right: 0px; background: none;"
              >
                <i
                  aria-hidden="true"
                  class="green plus icon"
                />
              </button>
            </div>
          </div>
        </div>
      </div>
      <footer
        class="flex-row-reverse pb-2r"
      >
        <button
          class="ui green small button"
          data-testid="deck-save"
          style="border-radius: 0;"
          type="submit"
        >
          Save
        </button>
      </footer>
    </main>
  </div>
</DocumentFragment>
`;
